// Jest Snapshot v1, https://goo.gl/fbAQLP

exports[`Component render the article template 1`] = `
<div
  className="col s12 m7 l12  hoverable"
>
  <h6
    className="header"
  >
    <span
      className={
        Object {
          "width": "80%",
        }
      }
    >
      celestine:  
       
      My story
    </span>
  </h6>
  <div
    className="card horizontal"
  >
    <div
      className="card-image"
    >
      <img
        alt="No news image"
        className={
          Object {
            "height": "40%",
            "width": "80%",
          }
        }
        src="test.jpg"
      />
    </div>
    <div
      className="card-stacked"
    >
      <div
        className="card-content"
      >
        <p
          className={
            Object {
              "width": "80%",
            }
          }
        >
          
        </p>
      </div>
      <div
        className="card-action"
      >
        <p>
          Published on  
           
        </p>
        <a
          href="http://localhost"
          rel="noopener noreferrer"
          target="_blank"
        >
          Read on  BBC 
        </a>
        <button
          className="btn-floating btn-small waves-effect waves-light red "
          onClick={[Function]}
          title="Add to favourite"
          value={1}
        >
          <i
            className="material-icons"
            value={1}
          >
            +
          </i>
        </button>
      </div>
    </div>
  </div>
</div>
`;
