// Jest Snapshot v1, https://goo.gl/fbAQLP

exports[`Component render the article template 1`] = `
<div
  className="row"
>
  <div
    className="col s2"
    id="side-nav"
  >
    Sources
    <select
      className="browser-default"
      id="sources"
      name="sources"
      onChange={[Function]}
      size="25"
      style={
        Object {
          "height": "10em",
        }
      }
    >
      
    </select>
    <ul
      className="collapsible"
      data-collapsible="accordion"
    >
      
    </ul>
  </div>
  <div
    className="col s10"
    id="articles"
  >
    <div
      id="articles-menu"
    >
      <div>
        <div
          className="progress"
        >
          <div
            className="indeterminate"
          />
        </div>
      </div>
      <h5
        name="source"
      >
        
         
      </h5>
    </div>
    <div
      id="articles"
    />
  </div>
</div>
`;
